[stderr] INFO:     Started server process [85162]
[stderr] INFO:     Waiting for application startup.
[stderr] INFO:     Application startup complete.
[stderr] INFO:     Uvicorn running on http://127.0.0.1:8765 (Press CTRL+C to quit)
INFO:     127.0.0.1:49326 - "GET /health HTTP/1.1" 200 OK
[stderr] INFO:     ('127.0.0.1', 49327) - "WebSocket /ws" [accepted]
[stderr] 2026-09-05 10:09:40 INFO     [codeboarding_pro.ws.server:258] WebSocket connected: session 4336d09b-ea3c-4fec-b019-803b7264b947
[stderr] INFO:     connection open
[stderr] 2026-09-05 10:09:40 INFO     [tool_registry.installers:451] Installing Node.js packages: ['pyright@1.1.400', 'typescript-language-server@4.3.4', 'typescript@5.7', 'intelephense@1.16.5']
[stderr] 2026-09-05 10:09:46 INFO     [tool_registry.installers:465] Node.js packages installed successfully
[stderr] 2026-09-05 10:09:46 INFO     [tool_registry.installers:225]   tokei: already installed, skipping
[stderr] 2026-09-05 10:09:46 INFO     [tool_registry.installers:225]   gopls: already installed, skipping
[stderr] 2026-09-05 10:09:46 INFO     [tool_registry.installers:225]   rust-analyzer: already installed, skipping
[stderr] 2026-09-05 10:09:46 INFO     [tool_registry.installers:489] java already installed
[stderr] 2026-09-05 10:09:46 WARNING  [tool_registry.installers:367]   csharp-ls: dotnet not found on PATH; skipping install. Users must install it before running analysis.
[stderr] 2026-09-05 10:09:46 INFO     [codeboarding_pro.lsp.bootstrap:56] LSP startup attempt 1/3
[stderr] 2026-09-05 10:09:46 INFO     [codeboarding_pro.session:183] Session 4336d09b-ea3c-4fec-b019-803b7264b947 initialized: repo=/Users/namanjindal/Documents/pw/fsd-jan-26/study-node, project=study-node, output=/Users/namanjindal/Documents/pw/fsd-jan-26/study-node/.codeboarding
[stderr] 2026-09-05 10:09:46 WARNING  [static_analyzer.typescript_config_scanner:73] No TypeScript configuration files found in /Users/namanjindal/Documents/pw/fsd-jan-26/study-node
[stderr] 2026-09-05 10:09:46 INFO     [static_analyzer:179] No TypeScript config files found, using repository root for TypeScript
[stderr] 2026-09-05 10:09:46 INFO     [static_analyzer.engine.language_adapter:284] Found 20 TypeScript files in /Users/namanjindal/Documents/pw/fsd-jan-26/study-node
[stderr] 2026-09-05 10:09:46 INFO     [static_analyzer:392] Starting engine LSP client for TypeScript at /Users/namanjindal/Documents/pw/fsd-jan-26/study-node
[stderr] 2026-09-05 10:09:47 INFO     [static_analyzer:414] TypeScript LSP start: 0.2s
[stderr] 2026-09-05 10:09:47 INFO     [codeboarding_pro.file_monitor:106] FileMonitor started for /Users/namanjindal/Documents/pw/fsd-jan-26/study-node
[stderr] 2026-09-05 10:09:47 INFO     [codeboarding_pro.session:202] Session 4336d09b-ea3c-4fec-b019-803b7264b947: FileMonitor activated
[stderr] 2026-09-05 10:09:47 INFO     [codeboarding_pro.session:243] Session 4336d09b-ea3c-4fec-b019-803b7264b947: LSP wiring complete
[stderr] 2026-09-05 10:09:47 INFO     [codeboarding_pro.lsp.bootstrap:67] LSP clients started successfully (attempt 1)
[stderr] 2026-09-05 10:27:27 INFO     [watchfiles.main:308] 1 change detected
[stderr] 2026-09-05 10:27:28 WARNING  [codeboarding_pro.analysis_controller:427] Skipping incremental update: full analysis artifacts not ready yet
[stderr] 2026-09-05 10:27:28 INFO     [codeboarding_pro.analysis_controller:259] No cached analysis results; skipping health report
[stderr] 2026-09-05 10:28:18 INFO     [watchfiles.main:308] 1 change detected
[stderr] 2026-09-05 10:28:18 WARNING  [codeboarding_pro.analysis_controller:427] Skipping incremental update: full analysis artifacts not ready yet
[stderr] 2026-09-05 10:28:18 INFO     [codeboarding_pro.analysis_controller:259] No cached analysis results; skipping health report
[stderr] 2026-09-05 10:28:48 INFO     [watchfiles.main:308] 1 change detected
[stderr] 2026-09-05 10:28:49 WARNING  [codeboarding_pro.analysis_controller:427] Skipping incremental update: full analysis artifacts not ready yet
[stderr] 2026-09-05 10:28:49 INFO     [codeboarding_pro.analysis_controller:259] No cached analysis results; skipping health report
[stderr] 2026-09-05 10:29:09 INFO     [watchfiles.main:308] 1 change detected
[stderr] 2026-09-05 10:29:10 WARNING  [codeboarding_pro.analysis_controller:427] Skipping incremental update: full analysis artifacts not ready yet
[stderr] 2026-09-05 10:29:10 INFO     [codeboarding_pro.analysis_controller:259] No cached analysis results; skipping health report
[stderr] 2026-09-05 10:29:32 INFO     [watchfiles.main:308] 1 change detected
[stderr] 2026-09-05 10:29:33 WARNING  [codeboarding_pro.analysis_controller:427] Skipping incremental update: full analysis artifacts not ready yet
[stderr] 2026-09-05 10:29:33 INFO     [codeboarding_pro.analysis_controller:259] No cached analysis results; skipping health report
[stderr] 2026-09-05 10:29:39 INFO     [watchfiles.main:308] 1 change detected
[stderr] 2026-09-05 10:29:39 WARNING  [codeboarding_pro.analysis_controller:427] Skipping incremental update: full analysis artifacts not ready yet
[stderr] 2026-09-05 10:29:39 INFO     [codeboarding_pro.analysis_controller:259] No cached analysis results; skipping health report
[stderr] 2026-09-05 10:29:45 INFO     [watchfiles.main:308] 1 change detected
[stderr] 2026-09-05 10:29:45 WARNING  [codeboarding_pro.analysis_controller:427] Skipping incremental update: full analysis artifacts not ready yet
[stderr] 2026-09-05 10:29:45 INFO     [codeboarding_pro.analysis_controller:259] No cached analysis results; skipping health report
[stderr] 2026-09-05 10:29:55 INFO     [watchfiles.main:308] 1 change detected
[stderr] 2026-09-05 10:29:56 WARNING  [codeboarding_pro.analysis_controller:427] Skipping incremental update: full analysis artifacts not ready yet
[stderr] 2026-09-05 10:29:56 INFO     [codeboarding_pro.analysis_controller:259] No cached analysis results; skipping health report
[stderr] 2026-09-05 10:39:12 INFO     [watchfiles.main:308] 1 change detected
[stderr] 2026-09-05 10:39:12 WARNING  [codeboarding_pro.analysis_controller:427] Skipping incremental update: full analysis artifacts not ready yet
[stderr] 2026-09-05 10:39:12 INFO     [codeboarding_pro.analysis_controller:259] No cached analysis results; skipping health report
[stderr] 2026-09-05 10:42:33 INFO     [watchfiles.main:308] 1 change detected
[stderr] 2026-09-05 10:42:33 WARNING  [codeboarding_pro.analysis_controller:427] Skipping incremental update: full analysis artifacts not ready yet
[stderr] 2026-09-05 10:42:33 INFO     [codeboarding_pro.analysis_controller:259] No cached analysis results; skipping health report
[stderr] 2026-09-05 10:42:34 INFO     [watchfiles.main:308] 1 change detected
[stderr] 2026-09-05 10:42:34 WARNING  [codeboarding_pro.analysis_controller:427] Skipping incremental update: full analysis artifacts not ready yet
[stderr] 2026-09-05 10:42:34 INFO     [codeboarding_pro.analysis_controller:259] No cached analysis results; skipping health report
[stderr] 2026-09-05 10:43:10 INFO     [watchfiles.main:308] 1 change detected
[stderr] 2026-09-05 10:43:10 WARNING  [codeboarding_pro.analysis_controller:427] Skipping incremental update: full analysis artifacts not ready yet
[stderr] 2026-09-05 10:43:10 INFO     [codeboarding_pro.analysis_controller:259] No cached analysis results; skipping health report
[stderr] 2026-09-05 10:47:04 INFO     [watchfiles.main:308] 1 change detected
[stderr] 2026-09-05 10:47:04 WARNING  [codeboarding_pro.analysis_controller:427] Skipping incremental update: full analysis artifacts not ready yet
[stderr] 2026-09-05 10:47:04 INFO     [codeboarding_pro.analysis_controller:259] No cached analysis results; skipping health report
[stderr] 2026-09-05 10:48:07 INFO     [watchfiles.main:308] 1 change detected
[stderr] 2026-09-05 10:48:07 WARNING  [codeboarding_pro.analysis_controller:427] Skipping incremental update: full analysis artifacts not ready yet
[stderr] 2026-09-05 10:48:07 INFO     [codeboarding_pro.analysis_controller:259] No cached analysis results; skipping health report
[stderr] 2026-09-05 10:48:26 INFO     [watchfiles.main:308] 1 change detected
[stderr] 2026-09-05 10:48:27 WARNING  [codeboarding_pro.analysis_controller:427] Skipping incremental update: full analysis artifacts not ready yet
[stderr] 2026-09-05 10:48:27 INFO     [codeboarding_pro.analysis_controller:259] No cached analysis results; skipping health report
[stderr] 2026-09-05 10:48:31 INFO     [watchfiles.main:308] 1 change detected
[stderr] 2026-09-05 10:48:32 WARNING  [codeboarding_pro.analysis_controller:427] Skipping incremental update: full analysis artifacts not ready yet
[stderr] 2026-09-05 10:48:32 INFO     [codeboarding_pro.analysis_controller:259] No cached analysis results; skipping health report
[stderr] 2026-09-05 10:48:57 INFO     [watchfiles.main:308] 1 change detected
[stderr] 2026-09-05 10:48:58 WARNING  [codeboarding_pro.analysis_controller:427] Skipping incremental update: full analysis artifacts not ready yet
[stderr] 2026-09-05 10:48:58 INFO     [codeboarding_pro.analysis_controller:259] No cached analysis results; skipping health report
[stderr] 2026-09-05 10:49:42 INFO     [watchfiles.main:308] 1 change detected
[stderr] 2026-09-05 10:49:43 WARNING  [codeboarding_pro.analysis_controller:427] Skipping incremental update: full analysis artifacts not ready yet
[stderr] 2026-09-05 10:49:43 INFO     [codeboarding_pro.analysis_controller:259] No cached analysis results; skipping health report
[stderr] 2026-09-05 10:50:08 INFO     [watchfiles.main:308] 1 change detected
[stderr] 2026-09-05 10:50:08 WARNING  [codeboarding_pro.analysis_controller:427] Skipping incremental update: full analysis artifacts not ready yet
[stderr] 2026-09-05 10:50:08 INFO     [codeboarding_pro.analysis_controller:259] No cached analysis results; skipping health report
[stderr] 2026-09-05 11:03:49 INFO     [watchfiles.main:308] 1 change detected
[stderr] 2026-09-05 11:03:50 WARNING  [codeboarding_pro.analysis_controller:427] Skipping incremental update: full analysis artifacts not ready yet
[stderr] 2026-09-05 11:03:50 INFO     [codeboarding_pro.analysis_controller:259] No cached analysis results; skipping health report
[stderr] 2026-09-05 11:03:59 INFO     [watchfiles.main:308] 1 change detected
[stderr] 2026-09-05 11:03:59 WARNING  [codeboarding_pro.analysis_controller:427] Skipping incremental update: full analysis artifacts not ready yet
[stderr] 2026-09-05 11:03:59 INFO     [codeboarding_pro.analysis_controller:259] No cached analysis results; skipping health report
[stderr] 2026-09-05 11:04:06 INFO     [watchfiles.main:308] 1 change detected
[stderr] 2026-09-05 11:04:07 WARNING  [codeboarding_pro.analysis_controller:427] Skipping incremental update: full analysis artifacts not ready yet
[stderr] 2026-09-05 11:04:07 INFO     [codeboarding_pro.analysis_controller:259] No cached analysis results; skipping health report
